
/home/runner/work/exp-wallace-tree-adder-iitkgp/exp-wallace-tree-adder-iitkgp/experiment/license/view.js
  1:246  warning  Unnecessary semicolon  no-extra-semi

/home/runner/work/exp-wallace-tree-adder-iitkgp/exp-wallace-tree-adder-iitkgp/experiment/simulation/js/FileSaver.js
   15:42  warning  'global' is not defined  no-undef
   15:60  warning  'global' is not defined  no-undef
   16:5   warning  'global' is not defined  no-undef
   53:15  warning  Empty block statement    no-empty
  171:3   warning  'module' is not defined  no-undef

/home/runner/work/exp-wallace-tree-adder-iitkgp/exp-wallace-tree-adder-iitkgp/experiment/simulation/js/SimpleLogic.js
  136:5   warning  Unnecessary semicolon               no-extra-semi
  303:21  warning  'coords' is already defined         no-redeclare
  320:9   warning  'image' is not defined              no-undef
  321:9   warning  'image' is not defined              no-undef
  322:9   warning  'image' is not defined              no-undef
  323:9   warning  'image' is not defined              no-undef
  334:9   warning  'image' is not defined              no-undef
  335:9   warning  'image' is not defined              no-undef
  336:9   warning  'image' is not defined              no-undef
  337:9   warning  'image' is not defined              no-undef
  339:23  warning  'image' is not defined              no-undef
  356:13  warning  'height' is already defined         no-redeclare
  356:23  warning  'image' is not defined              no-undef
  357:18  warning  'i' is already defined              no-redeclare
  358:17  warning  'input' is already defined          no-redeclare
  363:32  warning  'image' is not defined              no-undef
  410:5   warning  'btnElm' is not defined             no-undef
  412:5   warning  'btnElm' is not defined             no-undef
  492:59  warning  'border' is defined but never used  no-unused-vars

/home/runner/work/exp-wallace-tree-adder-iitkgp/exp-wallace-tree-adder-iitkgp/experiment/simulation/js/canvas.js
    15:1    warning  'available_id' is not defined                         no-undef
    16:1    warning  'init_x' is not defined                               no-undef
    17:1    warning  'init_y' is not defined                               no-undef
    18:1    warning  'bit_r' is not defined                                no-undef
    19:1    warning  'dot_width' is not defined                            no-undef
    20:1    warning  'dot_height' is not defined                           no-undef
    21:1    warning  'dot_gap' is not defined                              no-undef
    22:1    warning  'dot_color' is not defined                            no-undef
    23:1    warning  'pin_width' is not defined                            no-undef
    24:1    warning  'pin_height' is not defined                           no-undef
    25:1    warning  'pin_color' is not defined                            no-undef
    26:1    warning  'conn_width' is not defined                           no-undef
    27:1    warning  'conn_color' is not defined                           no-undef
    28:1    warning  'chip_padding' is not defined                         no-undef
    29:1    warning  'chip_color' is not defined                           no-undef
    30:1    warning  'labelColor' is not defined                           no-undef
    31:1    warning  'start_x' is not defined                              no-undef
    32:1    warning  'start_y' is not defined                              no-undef
    33:1    warning  'is_dragging' is not defined                          no-undef
    34:1    warning  'is_connecting' is not defined                        no-undef
    35:1    warning  'dragging_chip' is not defined                        no-undef
    36:1    warning  'dragging_component' is not defined                   no-undef
    37:1    warning  'dragging_bit' is not defined                         no-undef
    38:1    warning  'dragging_memory' is not defined                      no-undef
    39:1    warning  'dragging_clock' is not defined                       no-undef
    40:1    warning  'clock_running' is not defined                        no-undef
    41:1    warning  'stop_simulation_flag' is not defined                 no-undef
    42:1    warning  'drag_chip_index' is not defined                      no-undef
    43:1    warning  'drag_comp_index' is not defined                      no-undef
    44:1    warning  'sel_bit_index' is not defined                        no-undef
    45:1    warning  'sel_memory_index' is not defined                     no-undef
    46:1    warning  'sel_conn_index' is not defined                       no-undef
    47:1    warning  'nr_dot' is not defined                               no-undef
    48:1    warning  'start_dot' is not defined                            no-undef
    49:1    warning  'end_dot' is not defined                              no-undef
    50:1    warning  'star_spikes' is not defined                          no-undef
    51:1    warning  'star_outerRadius' is not defined                     no-undef
    52:1    warning  'star_innerRadius' is not defined                     no-undef
    53:1    warning  'l_jumper' is not defined                             no-undef
    54:1    warning  'r_jumper' is not defined                             no-undef
    55:1    warning  'high_clock' is not defined                           no-undef
    56:1    warning  'low_clock' is not defined                            no-undef
    57:1    warning  'already_evaluated' is not defined                    no-undef
    63:16   warning  'block_sleep' is defined but never used               no-unused-vars
    71:26   warning  'star_spikes' is not defined                          no-undef
    73:25   warning  'star_outerRadius' is not defined                     no-undef
    74:25   warning  'star_spikes' is not defined                          no-undef
    75:34   warning  'star_outerRadius' is not defined                     no-undef
    76:34   warning  'star_outerRadius' is not defined                     no-undef
    79:34   warning  'star_innerRadius' is not defined                     no-undef
    80:34   warning  'star_innerRadius' is not defined                     no-undef
    84:25   warning  'star_outerRadius' is not defined                     no-undef
    93:5    warning  'nearest_dot_old' is assigned a value but never used  no-unused-vars
    94:32   warning  'dot_gap' is not defined                              no-undef
    94:43   warning  'dot_gap' is not defined                              no-undef
    95:21   warning  'dot_gap' is not defined                              no-undef
    96:16   warning  'dot_gap' is not defined                              no-undef
    99:27   warning  'dot_gap' is not defined                              no-undef
   102:32   warning  'dot_gap' is not defined                              no-undef
   102:43   warning  'dot_gap' is not defined                              no-undef
   103:21   warning  'dot_gap' is not defined                              no-undef
   106:27   warning  'dot_gap' is not defined                              no-undef
   116:34   warning  'dot_gap' is not defined                              no-undef
   116:45   warning  'dot_gap' is not defined                              no-undef
   117:28   warning  'dot_gap' is not defined                              no-undef
   127:33   warning  'dot_gap' is not defined                              no-undef
   127:44   warning  'dot_gap' is not defined                              no-undef
   128:28   warning  'dot_gap' is not defined                              no-undef
   151:22   warning  'dot_gap' is not defined                              no-undef
   151:49   warning  'dot_gap' is not defined                              no-undef
   151:63   warning  'dot_gap' is not defined                              no-undef
   152:26   warning  'dot_gap' is not defined                              no-undef
   152:53   warning  'dot_gap' is not defined                              no-undef
   152:67   warning  'dot_gap' is not defined                              no-undef
   153:40   warning  'dot_width' is not defined                            no-undef
   153:61   warning  'dot_height' is not defined                           no-undef
   153:78   warning  'dot_width' is not defined                            no-undef
   153:89   warning  'dot_height' is not defined                           no-undef
   153:101  warning  'dot_color' is not defined                            no-undef
   191:31   warning  'bit_r' is not defined                                no-undef
   191:39   warning  'bit_r' is not defined                                no-undef
   200:33   warning  'bit_r' is not defined                                no-undef
   211:40   warning  'bit_r' is not defined                                no-undef
   211:60   warning  'bit_r' is not defined                                no-undef
   214:36   warning  'bit_r' is not defined                                no-undef
   214:52   warning  'bit_r' is not defined                                no-undef
   215:36   warning  'bit_r' is not defined                                no-undef
   215:52   warning  'bit_r' is not defined                                no-undef
   216:36   warning  'bit_r' is not defined                                no-undef
   216:52   warning  'bit_r' is not defined                                no-undef
   217:36   warning  'bit_r' is not defined                                no-undef
   217:52   warning  'bit_r' is not defined                                no-undef
   269:33   warning  'bit_r' is not defined                                no-undef
   309:18   warning  'pin_width' is not defined                            no-undef
   310:18   warning  'pin_height' is not defined                           no-undef
   311:22   warning  'pin_color' is not defined                            no-undef
   371:30   warning  'dot_gap' is not defined                              no-undef
   371:54   warning  'dot_gap' is not defined                              no-undef
   372:30   warning  'dot_gap' is not defined                              no-undef
   372:54   warning  'dot_gap' is not defined                              no-undef
   388:41   warning  'dot_gap' is not defined                              no-undef
   388:65   warning  'dot_gap' is not defined                              no-undef
   392:37   warning  'dot_gap' is not defined                              no-undef
   392:61   warning  'dot_gap' is not defined                              no-undef
   393:37   warning  'dot_gap' is not defined                              no-undef
   393:61   warning  'dot_gap' is not defined                              no-undef
   425:34   warning  'dot_gap' is not defined                              no-undef
   427:18   warning  'dot_gap' is not defined                              no-undef
   428:23   warning  'dot_gap' is not defined                              no-undef
   433:81   warning  'dot_gap' is not defined                              no-undef
   433:115  warning  'dot_gap' is not defined                              no-undef
   441:45   warning  'dot_gap' is not defined                              no-undef
   453:67   warning  'dot_gap' is not defined                              no-undef
   456:54   warning  'dot_gap' is not defined                              no-undef
   457:63   warning  'dot_gap' is not defined                              no-undef
   458:54   warning  'dot_gap' is not defined                              no-undef
   459:63   warning  'dot_gap' is not defined                              no-undef
   499:29   warning  'dot_width' is not defined                            no-undef
   500:30   warning  'dot_height' is not defined                           no-undef
   500:48   warning  'chip_padding' is not defined                         no-undef
   501:23   warning  'dot_gap' is not defined                              no-undef
   501:34   warning  'dot_width' is not defined                            no-undef
   504:22   warning  'pin_height' is not defined                           no-undef
   504:40   warning  'chip_padding' is not defined                         no-undef
   506:23   warning  'dot_gap' is not defined                              no-undef
   506:55   warning  'chip_padding' is not defined                         no-undef
   506:71   warning  'pin_height' is not defined                           no-undef
   511:22   warning  'chip_color' is not defined                           no-undef
   513:30   warning  'pin_width' is not defined                            no-undef
   514:30   warning  'chip_padding' is not defined                         no-undef
   517:13   warning  'available_id' is not defined                         no-undef
   517:28   warning  'available_id' is not defined                         no-undef
   518:31   warning  'available_id' is not defined                         no-undef
   524:22   warning  'dot_gap' is not defined                              no-undef
   528:26   warning  'chip_padding' is not defined                         no-undef
   529:18   warning  'i' is already defined                                no-redeclare
   530:13   warning  'available_id' is not defined                         no-undef
   530:28   warning  'available_id' is not defined                         no-undef
   531:17   warning  'pin' is already defined                              no-redeclare
   531:31   warning  'available_id' is not defined                         no-undef
   537:22   warning  'dot_gap' is not defined                              no-undef
   539:9    warning  'available_id' is not defined                         no-undef
   539:24   warning  'available_id' is not defined                         no-undef
   550:25   warning  'labelColor' is not defined                           no-undef
   723:25   warning  'conn_width' is not defined                           no-undef
   724:27   warning  'conn_color' is not defined                           no-undef
   742:14   warning  'dot_gap' is not defined                              no-undef
   762:47   warning  'dot_gap' is not defined                              no-undef
   764:46   warning  'dot_gap' is not defined                              no-undef
   766:45   warning  'dot_gap' is not defined                              no-undef
   768:44   warning  'dot_gap' is not defined                              no-undef
   771:56   warning  'dot_gap' is not defined                              no-undef
   772:56   warning  'dot_gap' is not defined                              no-undef
   773:52   warning  'dot_gap' is not defined                              no-undef
   774:52   warning  'dot_gap' is not defined                              no-undef
   776:56   warning  'dot_gap' is not defined                              no-undef
   777:56   warning  'dot_gap' is not defined                              no-undef
   778:52   warning  'dot_gap' is not defined                              no-undef
   779:52   warning  'dot_gap' is not defined                              no-undef
   783:47   warning  'dot_gap' is not defined                              no-undef
   785:46   warning  'dot_gap' is not defined                              no-undef
   787:45   warning  'dot_gap' is not defined                              no-undef
   789:44   warning  'dot_gap' is not defined                              no-undef
   793:56   warning  'dot_gap' is not defined                              no-undef
   794:56   warning  'dot_gap' is not defined                              no-undef
   795:52   warning  'dot_gap' is not defined                              no-undef
   796:52   warning  'dot_gap' is not defined                              no-undef
   798:56   warning  'dot_gap' is not defined                              no-undef
   799:56   warning  'dot_gap' is not defined                              no-undef
   800:52   warning  'dot_gap' is not defined                              no-undef
   801:52   warning  'dot_gap' is not defined                              no-undef
   829:25   warning  'conn_width' is not defined                           no-undef
   830:27   warning  'conn_color' is not defined                           no-undef
  1130:21   warning  'bit' is already defined                              no-redeclare
  1148:39   warning  'dot_width' is not defined                            no-undef
  1150:40   warning  'dot_height' is not defined                           no-undef
  1166:25   warning  'left' is already defined                             no-redeclare
  1167:25   warning  'right' is already defined                            no-redeclare
  1167:41   warning  'pin_width' is not defined                            no-undef
  1168:25   warning  'top' is already defined                              no-redeclare
  1169:25   warning  'bottom' is already defined                           no-redeclare
  1169:42   warning  'pin_height' is not defined                           no-undef
  1186:29   warning  'left' is already defined                             no-redeclare
  1187:29   warning  'right' is already defined                            no-redeclare
  1187:45   warning  'pin_width' is not defined                            no-undef
  1188:29   warning  'top' is already defined                              no-redeclare
  1189:29   warning  'bottom' is already defined                           no-redeclare
  1189:46   warning  'pin_height' is not defined                           no-undef
  1210:25   warning  'left' is already defined                             no-redeclare
  1211:25   warning  'right' is already defined                            no-redeclare
  1211:41   warning  'pin_width' is not defined                            no-undef
  1212:25   warning  'top' is already defined                              no-redeclare
  1213:25   warning  'bottom' is already defined                           no-redeclare
  1213:42   warning  'pin_height' is not defined                           no-undef
  1229:29   warning  'left' is already defined                             no-redeclare
  1230:29   warning  'right' is already defined                            no-redeclare
  1230:45   warning  'pin_width' is not defined                            no-undef
  1231:29   warning  'top' is already defined                              no-redeclare
  1232:29   warning  'bottom' is already defined                           no-redeclare
  1232:46   warning  'pin_height' is not defined                           no-undef
  1366:17   warning  'ele' is already defined                              no-redeclare
  1409:21   warning  'assoc_connection' is already defined                 no-redeclare
  1411:25   warning  'assoc_ele' is already defined                        no-redeclare
  1413:29   warning  'chip_comp_id' is already defined                     no-redeclare
  1414:29   warning  'chip_comp' is already defined                        no-redeclare
  1472:21   warning  'assoc_connection' is already defined                 no-redeclare
  1474:25   warning  'assoc_ele' is already defined                        no-redeclare
  1476:29   warning  'chip_comp_id' is already defined                     no-redeclare
  1477:29   warning  'chip_comp' is already defined                        no-redeclare
  1510:17   warning  'ele' is assigned a value but never used              no-unused-vars
  1537:25   warning  'conn' is already defined                             no-redeclare
  1540:29   warning  'assoc_pin' is already defined                        no-redeclare
  1557:13   warning  'total_conns' is assigned a value but never used      no-unused-vars
  1593:21   warning  'conn' is already defined                             no-redeclare
  1632:18   warning  'key' is assigned a value but never used              no-unused-vars
  1666:32   warning  'dot_gap' is not defined                              no-undef
  1726:22   warning  'i' is already defined                                no-redeclare
  1729:31   warning  'available_id' is not defined                         no-undef
  1730:17   warning  'available_id' is not defined                         no-undef
  1730:32   warning  'available_id' is not defined                         no-undef
  1799:21   warning  'conn' is already defined                             no-redeclare
  1800:21   warning  'indx' is already defined                             no-redeclare
  1801:26   warning  'i' is already defined                                no-redeclare
  1802:25   warning  'lns' is already defined                              no-redeclare
  1840:20   warning  'dot_gap' is not defined                              no-undef
  1905:13   warning  'conn_index' is assigned a value but never used       no-unused-vars
  1919:35   warning  'available_id' is not defined                         no-undef
  1923:29   warning  'available_id' is not defined                         no-undef
  1924:13   warning  'available_id' is not defined                         no-undef
  1924:28   warning  'available_id' is not defined                         no-undef
  2002:32   warning  'dot_gap' is not defined                              no-undef
  2003:32   warning  'dot_gap' is not defined                              no-undef
  2004:32   warning  'dot_gap' is not defined                              no-undef
  2005:32   warning  'dot_gap' is not defined                              no-undef
  2029:17   warning  'drag_chip_index' is not defined                      no-undef
  2046:17   warning  'drag_comp_index' is not defined                      no-undef
  2068:9    warning  'nr_dot' is not defined                               no-undef
  2069:9    warning  'nr_dot' is not defined                               no-undef
  2070:9    warning  'is_connecting' is not defined                        no-undef
  2084:39   warning  'dot_width' is not defined                            no-undef
  2085:37   warning  'dot_width' is not defined                            no-undef
  2086:39   warning  'dot_width' is not defined                            no-undef
  2087:39   warning  'dot_width' is not defined                            no-undef
  2089:39   warning  'dot_width' is not defined                            no-undef
  2090:39   warning  'dot_width' is not defined                            no-undef
  2091:39   warning  'dot_width' is not defined                            no-undef
  2092:37   warning  'dot_width' is not defined                            no-undef
  2096:21   warning  'sel_conn_index' is not defined                       no-undef
  2119:17   warning  'sel_bit_index' is not defined                        no-undef
  2133:17   warning  'sel_memory_index' is not defined                     no-undef
  2143:13   warning  'sel_bit_index' is not defined                        no-undef
  2143:52   warning  'sel_bit_index' is not defined                        no-undef
  2144:30   warning  'sel_bit_index' is not defined                        no-undef
  2145:13   warning  'sel_bit_index' is not defined                        no-undef
  2150:37   warning  'drag_chip_index' is not defined                      no-undef
  2167:37   warning  'drag_comp_index' is not defined                      no-undef
  2191:36   warning  'sel_bit_index' is not defined                        no-undef
  2200:36   warning  'sel_memory_index' is not defined                     no-undef
  2279:21   warning  'conn' is already defined                             no-redeclare
  2282:25   warning  'assoc' is already defined                            no-redeclare
  2294:21   warning  'conn' is already defined                             no-redeclare
  2297:25   warning  'assoc' is already defined                            no-redeclare
  2337:21   warning  'device' is already defined                           no-redeclare
  2340:29   warning  'conn' is already defined                             no-redeclare
  2343:33   warning  'assoc' is already defined                            no-redeclare
  2361:45   warning  'already_evaluated' is not defined                    no-undef
  2367:21   warning  'already_evaluated' is not defined                    no-undef
  2387:25   warning  'already_evaluated' is not defined                    no-undef
  2445:29   warning  'conn' is already defined                             no-redeclare
  2449:33   warning  'assoc' is already defined                            no-redeclare
  2461:29   warning  'conn' is already defined                             no-redeclare
  2465:33   warning  'assoc' is already defined                            no-redeclare
  2521:18   warning  'i' is already defined                                no-redeclare
  2531:9    warning  'saveAs' is not defined                               no-undef
  2550:18   warning  'i' is already defined                                no-redeclare
  2559:9    warning  'saveAs' is not defined                               no-undef
  2585:15   warning  'conn_map' is assigned a value but never used         no-unused-vars
  2589:21   warning  'id' is already defined                               no-redeclare
  2608:37   warning  'json_pin' is already defined                         no-redeclare
  2636:64   warning  'init_x' is not defined                               no-undef
  2636:72   warning  'init_y' is not defined                               no-undef
  2720:21   warning  'ele_data' is already defined                         no-redeclare
  2767:18   warning  'i' is already defined                                no-redeclare
  2774:29   warning  'dot_width' is not defined                            no-undef
  2775:30   warning  'dot_height' is not defined                           no-undef
  2775:48   warning  'chip_padding' is not defined                         no-undef
  2776:23   warning  'dot_gap' is not defined                              no-undef
  2776:34   warning  'dot_width' is not defined                            no-undef
  2781:22   warning  'pin_height' is not defined                           no-undef
  2781:40   warning  'chip_padding' is not defined                         no-undef
  2783:23   warning  'dot_gap' is not defined                              no-undef
  2783:55   warning  'chip_padding' is not defined                         no-undef
  2783:71   warning  'pin_height' is not defined                           no-undef
  2786:22   warning  'chip_color' is not defined                           no-undef
  2798:30   warning  'pin_width' is not defined                            no-undef
  2799:30   warning  'chip_padding' is not defined                         no-undef
  2801:18   warning  'i' is already defined                                no-redeclare
  2802:13   warning  'available_id' is not defined                         no-undef
  2802:28   warning  'available_id' is not defined                         no-undef
  2803:31   warning  'available_id' is not defined                         no-undef
  2812:22   warning  'dot_gap' is not defined                              no-undef
  2816:26   warning  'chip_padding' is not defined                         no-undef
  2817:18   warning  'i' is already defined                                no-redeclare
  2818:13   warning  'available_id' is not defined                         no-undef
  2818:28   warning  'available_id' is not defined                         no-undef
  2819:17   warning  'pin' is already defined                              no-redeclare
  2819:31   warning  'available_id' is not defined                         no-undef
  2828:22   warning  'dot_gap' is not defined                              no-undef
  2830:9    warning  'available_id' is not defined                         no-undef
  2830:24   warning  'available_id' is not defined                         no-undef
  2842:25   warning  'labelColor' is not defined                           no-undef
  2888:1    warning  '$' is not defined                                    no-undef
  2906:14   warning  'is_dragging' is not defined                          no-undef
  2908:13   warning  'start_x' is not defined                              no-undef
  2909:13   warning  'start_y' is not defined                              no-undef
  2910:13   warning  'dragging_chip' is not defined                        no-undef
  2911:13   warning  'is_dragging' is not defined                          no-undef
  2912:21   warning  'is_dragging' is not defined                          no-undef
  2914:13   warning  'start_x' is not defined                              no-undef
  2915:13   warning  'start_y' is not defined                              no-undef
  2916:13   warning  'dragging_component' is not defined                   no-undef
  2917:13   warning  'is_dragging' is not defined                          no-undef
  2918:21   warning  'is_dragging' is not defined                          no-undef
  2920:13   warning  'start_x' is not defined                              no-undef
  2921:13   warning  'start_y' is not defined                              no-undef
  2922:13   warning  'dragging_bit' is not defined                         no-undef
  2923:13   warning  'is_dragging' is not defined                          no-undef
  2924:21   warning  'is_dragging' is not defined                          no-undef
  2926:13   warning  'start_x' is not defined                              no-undef
  2927:13   warning  'start_y' is not defined                              no-undef
  2928:13   warning  'dragging_memory' is not defined                      no-undef
  2929:13   warning  'is_dragging' is not defined                          no-undef
  2930:21   warning  'is_dragging' is not defined                          no-undef
  2932:13   warning  'start_x' is not defined                              no-undef
  2933:13   warning  'start_y' is not defined                              no-undef
  2934:13   warning  'dragging_clock' is not defined                       no-undef
  2935:13   warning  'is_dragging' is not defined                          no-undef
  2936:21   warning  'is_connecting' is not defined                        no-undef
  2938:13   warning  'start_dot' is not defined                            no-undef
  2938:27   warning  'nr_dot' is not defined                               no-undef
  2939:13   warning  'start_dot' is not defined                            no-undef
  2939:27   warning  'nr_dot' is not defined                               no-undef
  2940:13   warning  'is_connecting' is not defined                        no-undef
  2942:17   warning  'l_jumper' is not defined                             no-undef
  2944:17   warning  'r_jumper' is not defined                             no-undef
  2947:9    warning  'nr_dot' is not defined                               no-undef
  2951:10   warning  'is_dragging' is not defined                          no-undef
  2951:26   warning  'is_connecting' is not defined                        no-undef
  2955:9    warning  'is_dragging' is not defined                          no-undef
  2955:24   warning  'dragging_chip' is not defined                        no-undef
  2956:35   warning  'drag_chip_index' is not defined                      no-undef
  2960:29   warning  'dot_width' is not defined                            no-undef
  2961:30   warning  'dot_height' is not defined                           no-undef
  2961:48   warning  'chip_padding' is not defined                         no-undef
  2974:16   warning  'is_dragging' is not defined                          no-undef
  2974:31   warning  'dragging_component' is not defined                   no-undef
  2975:35   warning  'drag_comp_index' is not defined                      no-undef
  2976:13   warning  'x' is already defined                                no-redeclare
  2977:13   warning  'y' is already defined                                no-redeclare
  2978:13   warning  'nr_pt' is already defined                            no-redeclare
  2979:29   warning  'dot_width' is not defined                            no-undef
  2980:30   warning  'dot_height' is not defined                           no-undef
  2980:48   warning  'chip_padding' is not defined                         no-undef
  2981:13   warning  'dx' is already defined                               no-redeclare
  2982:13   warning  'dy' is already defined                               no-redeclare
  2988:16   warning  'is_dragging' is not defined                          no-undef
  2988:31   warning  'dragging_bit' is not defined                         no-undef
  2989:34   warning  'sel_bit_index' is not defined                        no-undef
  2990:13   warning  'x' is already defined                                no-redeclare
  2991:13   warning  'y' is already defined                                no-redeclare
  2992:13   warning  'nr_pt' is already defined                            no-redeclare
  2996:16   warning  'is_dragging' is not defined                          no-undef
  2996:31   warning  'dragging_memory' is not defined                      no-undef
  2997:13   warning  'bit' is already defined                              no-redeclare
  2997:34   warning  'sel_memory_index' is not defined                     no-undef
  2998:13   warning  'x' is already defined                                no-redeclare
  2999:13   warning  'y' is already defined                                no-redeclare
  3000:13   warning  'nr_pt' is already defined                            no-redeclare
  3003:36   warning  'dot_gap' is not defined                              no-undef
  3006:16   warning  'is_dragging' is not defined                          no-undef
  3006:31   warning  'dragging_clock' is not defined                       no-undef
  3008:13   warning  'x' is already defined                                no-redeclare
  3009:13   warning  'y' is already defined                                no-redeclare
  3010:13   warning  'nr_pt' is already defined                            no-redeclare
  3014:16   warning  'is_connecting' is not defined                        no-undef
  3018:52   warning  'nr_dot' is not defined                               no-undef
  3018:65   warning  'start_dot' is not defined                            no-undef
  3018:80   warning  'nr_dot' is not defined                               no-undef
  3018:93   warning  'start_dot' is not defined                            no-undef
  3019:22   warning  'nr_dot' is not defined                               no-undef
  3019:35   warning  'start_dot' is not defined                            no-undef
  3019:50   warning  'nr_dot' is not defined                               no-undef
  3019:63   warning  'start_dot' is not defined                            no-undef
  3019:80   warning  'nr_dot' is not defined                               no-undef
  3019:93   warning  'start_dot' is not defined                            no-undef
  3019:108  warning  'nr_dot' is not defined                               no-undef
  3019:121  warning  'start_dot' is not defined                            no-undef
  3021:24   warning  'nr_dot' is not defined                               no-undef
  3022:24   warning  'nr_dot' is not defined                               no-undef
  3023:18   warning  'l_jumper' is not defined                             no-undef
  3023:30   warning  'r_jumper' is not defined                             no-undef
  3023:44   warning  'start_dot' is not defined                            no-undef
  3023:81   warning  'start_dot' is not defined                            no-undef
  3023:112  warning  'dot_gap' is not defined                              no-undef
  3024:21   warning  'start_dot' is not defined                            no-undef
  3026:27   warning  'start_dot' is not defined                            no-undef
  3027:21   warning  'start_dot' is not defined                            no-undef
  3031:21   warning  'l_jumper' is not defined                             no-undef
  3032:41   warning  'available_id' is not defined                         no-undef
  3032:55   warning  'start_dot' is not defined                            no-undef
  3032:68   warning  'start_dot' is not defined                            no-undef
  3035:41   warning  'available_id' is not defined                         no-undef
  3035:55   warning  'start_dot' is not defined                            no-undef
  3035:68   warning  'start_dot' is not defined                            no-undef
  3038:17   warning  'available_id' is not defined                         no-undef
  3038:32   warning  'available_id' is not defined                         no-undef
  3042:25   warning  'l_jumper' is not defined                             no-undef
  3042:37   warning  'r_jumper' is not defined                             no-undef
  3042:51   warning  'start_dot' is not defined                            no-undef
  3042:88   warning  'start_dot' is not defined                            no-undef
  3042:119  warning  'dot_gap' is not defined                              no-undef
  3043:21   warning  'start_dot' is not defined                            no-undef
  3044:25   warning  'tmp' is already defined                              no-redeclare
  3045:27   warning  'start_dot' is not defined                            no-undef
  3046:21   warning  'start_dot' is not defined                            no-undef
  3049:21   warning  'jumper' is already defined                           no-redeclare
  3050:21   warning  'l_jumper' is not defined                             no-undef
  3051:41   warning  'available_id' is not defined                         no-undef
  3051:55   warning  'start_dot' is not defined                            no-undef
  3051:68   warning  'start_dot' is not defined                            no-undef
  3054:41   warning  'available_id' is not defined                         no-undef
  3054:55   warning  'start_dot' is not defined                            no-undef
  3054:68   warning  'start_dot' is not defined                            no-undef
  3057:17   warning  'available_id' is not defined                         no-undef
  3057:32   warning  'available_id' is not defined                         no-undef
  3060:21   warning  'flag' is already defined                             no-redeclare
  3062:50   warning  'available_id' is not defined                         no-undef
  3062:64   warning  'start_dot' is not defined                            no-undef
  3064:17   warning  'available_id' is not defined                         no-undef
  3064:32   warning  'available_id' is not defined                         no-undef
  3067:29   warning  'tmp' is already defined                              no-redeclare
  3073:29   warning  'tmp' is already defined                              no-redeclare
  3079:21   warning  'flag' is already defined                             no-redeclare
  3079:21   warning  'flag' is assigned a value but never used             no-unused-vars
  3084:5    warning  'l_jumper' is not defined                             no-undef
  3085:5    warning  'r_jumper' is not defined                             no-undef
  3086:5    warning  'is_dragging' is not defined                          no-undef
  3087:5    warning  'dragging_chip' is not defined                        no-undef
  3088:5    warning  'dragging_component' is not defined                   no-undef
  3089:5    warning  'dragging_clock' is not defined                       no-undef
  3090:5    warning  'dragging_bit' is not defined                         no-undef
  3091:5    warning  'dragging_mouse' is not defined                       no-undef
  3092:5    warning  'dragging_memory' is not defined                      no-undef
  3093:5    warning  'drag_chip_index' is not defined                      no-undef
  3094:5    warning  'drag_comp_index' is not defined                      no-undef
  3095:5    warning  'sel_bit_index' is not defined                        no-undef
  3096:5    warning  'sel_memory_index' is not defined                     no-undef
  3097:5    warning  'start_x' is not defined                              no-undef
  3098:5    warning  'start_y' is not defined                              no-undef
  3099:5    warning  'start_dot' is not defined                            no-undef
  3100:5    warning  'nr_dot' is not defined                               no-undef
  3101:5    warning  'is_connecting' is not defined                        no-undef
  3105:10   warning  'is_dragging' is not defined                          no-undef
  3105:26   warning  'is_connecting' is not defined                        no-undef
  3109:5    warning  'start_x' is not defined                              no-undef
  3110:5    warning  'start_y' is not defined                              no-undef
  3111:5    warning  'start_dot' is not defined                            no-undef
  3112:5    warning  'nr_dot' is not defined                               no-undef
  3113:5    warning  'is_connecting' is not defined                        no-undef
  3114:5    warning  'is_dragging' is not defined                          no-undef
  3115:5    warning  'is_connecting' is not defined                        no-undef
  3116:5    warning  'dragging_chip' is not defined                        no-undef
  3117:5    warning  'dragging_bit' is not defined                         no-undef
  3118:5    warning  'dragging_memory' is not defined                      no-undef
  3121:10   warning  'is_dragging' is not defined                          no-undef
  3121:26   warning  'is_connecting' is not defined                        no-undef
  3125:9    warning  'is_dragging' is not defined                          no-undef
  3125:24   warning  'dragging_chip' is not defined                        no-undef
  3129:9    warning  'start_x' is not defined                              no-undef
  3129:19   warning  'start_x' is not defined                              no-undef
  3130:9    warning  'start_y' is not defined                              no-undef
  3130:19   warning  'start_y' is not defined                              no-undef
  3131:16   warning  'is_dragging' is not defined                          no-undef
  3131:31   warning  'dragging_component' is not defined                   no-undef
  3132:13   warning  'dx' is already defined                               no-redeclare
  3133:13   warning  'dy' is already defined                               no-redeclare
  3135:9    warning  'start_x' is not defined                              no-undef
  3135:19   warning  'start_x' is not defined                              no-undef
  3136:9    warning  'start_y' is not defined                              no-undef
  3136:19   warning  'start_y' is not defined                              no-undef
  3137:16   warning  'is_dragging' is not defined                          no-undef
  3137:31   warning  'dragging_bit' is not defined                         no-undef
  3138:13   warning  'dx' is already defined                               no-redeclare
  3139:13   warning  'dy' is already defined                               no-redeclare
  3141:9    warning  'start_x' is not defined                              no-undef
  3141:19   warning  'start_x' is not defined                              no-undef
  3142:9    warning  'start_y' is not defined                              no-undef
  3142:19   warning  'start_y' is not defined                              no-undef
  3143:16   warning  'is_dragging' is not defined                          no-undef
  3143:31   warning  'dragging_memory' is not defined                      no-undef
  3144:13   warning  'dx' is already defined                               no-redeclare
  3145:13   warning  'dy' is already defined                               no-redeclare
  3147:9    warning  'start_x' is not defined                              no-undef
  3147:19   warning  'start_x' is not defined                              no-undef
  3148:9    warning  'start_y' is not defined                              no-undef
  3148:19   warning  'start_y' is not defined                              no-undef
  3149:16   warning  'is_dragging' is not defined                          no-undef
  3149:31   warning  'dragging_clock' is not defined                       no-undef
  3150:13   warning  'dx' is already defined                               no-redeclare
  3151:13   warning  'dy' is already defined                               no-redeclare
  3153:9    warning  'start_x' is not defined                              no-undef
  3153:19   warning  'start_x' is not defined                              no-undef
  3154:9    warning  'start_y' is not defined                              no-undef
  3154:19   warning  'start_y' is not defined                              no-undef
  3160:35   warning  'drag_chip_index' is not defined                      no-undef
  3163:13   warning  'drag_chip_index' is not defined                      no-undef
  3164:13   warning  '$' is not defined                                    no-undef
  3167:13   warning  '$' is not defined                                    no-undef
  3171:35   warning  'drag_comp_index' is not defined                      no-undef
  3174:13   warning  'drag_comp_index' is not defined                      no-undef
  3175:13   warning  '$' is not defined                                    no-undef
  3178:13   warning  '$' is not defined                                    no-undef
  3182:34   warning  'sel_bit_index' is not defined                        no-undef
  3185:13   warning  'sel_bit_index' is not defined                        no-undef
  3191:13   warning  'bit' is already defined                              no-redeclare
  3191:34   warning  'sel_memory_index' is not defined                     no-undef
  3194:13   warning  'sel_memory_index' is not defined                     no-undef
  3195:13   warning  '$' is not defined                                    no-undef
  3196:13   warning  '$' is not defined                                    no-undef
  3199:13   warning  '$' is not defined                                    no-undef
  3200:13   warning  '$' is not defined                                    no-undef
  3212:35   warning  'sel_conn_index' is not defined                       no-undef
  3215:13   warning  'sel_conn_index' is not defined                       no-undef
  3216:13   warning  '$' is not defined                                    no-undef
  3217:13   warning  '$' is not defined                                    no-undef
  3220:13   warning  '$' is not defined                                    no-undef
  3221:13   warning  '$' is not defined                                    no-undef
  3226:1    warning  Unnecessary semicolon                                 no-extra-semi
  3234:35   warning  'drag_comp_index' is not defined                      no-undef
  3240:9    warning  '$' is not defined                                    no-undef
  3241:9    warning  '$' is not defined                                    no-undef
  3242:9    warning  '$' is not defined                                    no-undef
  3256:13   warning  'flag' is already defined                             no-redeclare
  3263:35   warning  'available_id' is not defined                         no-undef
  3264:5    warning  'available_id' is not defined                         no-undef
  3264:20   warning  'available_id' is not defined                         no-undef
  3281:5    warning  'available_id' is not defined                         no-undef
  3322:33   warning  'json_pin' is already defined                         no-redeclare
  3411:1    warning  '$' is not defined                                    no-undef
  3412:5    warning  '$' is not defined                                    no-undef
  3442:30   warning  'available_id' is not defined                         no-undef
  3442:44   warning  'init_x' is not defined                               no-undef
  3442:52   warning  'init_y' is not defined                               no-undef
  3443:9    warning  'available_id' is not defined                         no-undef
  3443:24   warning  'available_id' is not defined                         no-undef
  3453:5    warning  '$' is not defined                                    no-undef
  3456:30   warning  'available_id' is not defined                         no-undef
  3456:44   warning  'init_x' is not defined                               no-undef
  3456:52   warning  'init_y' is not defined                               no-undef
  3457:13   warning  'available_id' is not defined                         no-undef
  3457:28   warning  'available_id' is not defined                         no-undef
  3460:31   warning  'available_id' is not defined                         no-undef
  3460:45   warning  'init_x' is not defined                               no-undef
  3460:53   warning  'init_y' is not defined                               no-undef
  3461:13   warning  'available_id' is not defined                         no-undef
  3461:28   warning  'available_id' is not defined                         no-undef
  3464:30   warning  'available_id' is not defined                         no-undef
  3464:44   warning  'init_x' is not defined                               no-undef
  3464:52   warning  'init_y' is not defined                               no-undef
  3465:13   warning  'available_id' is not defined                         no-undef
  3465:28   warning  'available_id' is not defined                         no-undef
  3470:5    warning  '$' is not defined                                    no-undef
  3471:20   warning  '$' is not defined                                    no-undef
  3472:19   warning  '$' is not defined                                    no-undef
  3476:35   warning  'available_id' is not defined                         no-undef
  3476:49   warning  'init_x' is not defined                               no-undef
  3476:57   warning  'init_y' is not defined                               no-undef
  3477:13   warning  'available_id' is not defined                         no-undef
  3477:28   warning  'available_id' is not defined                         no-undef
  3482:5    warning  '$' is not defined                                    no-undef
  3491:25   warning  '$' is not defined                                    no-undef
  3499:17   warning  '$' is not defined                                    no-undef
  3503:5    warning  '$' is not defined                                    no-undef
  3505:19   warning  '$' is not defined                                    no-undef
  3522:5    warning  '$' is not defined                                    no-undef
  3527:14   warning  'loop_clock' is defined but never used                no-unused-vars
  3547:5    warning  '$' is not defined                                    no-undef
  3562:23   warning  '$' is not defined                                    no-undef
  3566:13   warning  'cycles' is assigned a value but never used           no-unused-vars
  3567:9    warning  'stop_simulation_flag' is not defined                 no-undef
  3598:5    warning  '$' is not defined                                    no-undef
  3599:9    warning  'stop_simulation_flag' is not defined                 no-undef
  3600:23   warning  '$' is not defined                                    no-undef
  3614:5    warning  '$' is not defined                                    no-undef
  3615:9    warning  'stop_simulation_flag' is not defined                 no-undef
  3617:5    warning  '$' is not defined                                    no-undef
  3618:20   warning  '$' is not defined                                    no-undef
  3619:24   warning  '$' is not defined                                    no-undef
  3625:5    warning  '$' is not defined                                    no-undef
  3627:30   warning  'init_x' is not defined                               no-undef
  3627:38   warning  'init_y' is not defined                               no-undef
  3629:5    warning  '$' is not defined                                    no-undef

/home/runner/work/exp-wallace-tree-adder-iitkgp/exp-wallace-tree-adder-iitkgp/experiment/simulation/js/jquery-3.4.1.js
     18:44  warning  'module' is not defined                                                    no-undef
     27:3   warning  'module' is not defined                                                    no-undef
    138:11  warning  'Symbol' is already defined as a built-in global variable                  no-redeclare
    668:15  warning  Unexpected control character(s) in regular expression: \x1f, \x1f          no-control-regex
    723:39  warning  Empty block statement                                                      no-empty
   1919:28  warning  Do not access Object.prototype method 'hasOwnProperty' from target object  no-prototype-builtins
   2830:2   warning  Unnecessary semicolon                                                      no-extra-semi
   2831:31  warning  Unnecessary escape character: \/                                           no-useless-escape
   3132:55  warning  Empty block statement                                                      no-empty
   4233:18  warning  Empty block statement                                                      no-empty
   4716:28  warning  Unnecessary escape character: \/                                           no-useless-escape
   4932:18  warning  Empty block statement                                                      no-empty
   5777:75  warning  Unnecessary escape character: \/                                           no-useless-escape
   6171:19  warning  Empty block statement                                                      no-empty
   9288:22  warning  'urlAnchor.href' is assigned to itself                                     no-self-assign
   9698:16  warning  Empty block statement                                                      no-empty
  10558:38  warning  'define' is not defined                                                    no-undef
  10559:2   warning  'define' is not defined                                                    no-undef

/home/runner/work/exp-wallace-tree-adder-iitkgp/exp-wallace-tree-adder-iitkgp/experiment/simulation/js/menu.js
   2:10  warning  'loadMenu' is defined but never used  no-unused-vars
  10:19  warning  'COAVLD' is not defined               no-undef

/home/runner/work/exp-wallace-tree-adder-iitkgp/exp-wallace-tree-adder-iitkgp/experiment/simulation/js/modules.js
   1:10  warning  'reloadmodules' is defined but never used  no-unused-vars
  20:51  warning  Unnecessary semicolon                      no-extra-semi
  51:3   warning  'simpleLogic' is not defined               no-undef
  57:10  warning  'uploadmodule' is defined but never used   no-unused-vars
  61:31  warning  'simpleLogic' is not defined               no-undef

/home/runner/work/exp-wallace-tree-adder-iitkgp/exp-wallace-tree-adder-iitkgp/experiment/simulation/js/nodes.js
    8:35  warning  'time' is defined but never used    no-unused-vars
   22:35  warning  'time' is defined but never used    no-unused-vars
   36:35  warning  'time' is defined but never used    no-unused-vars
   50:35  warning  'time' is defined but never used    no-unused-vars
   64:35  warning  'time' is defined but never used    no-unused-vars
   78:35  warning  'time' is defined but never used    no-unused-vars
   92:35  warning  'time' is defined but never used    no-unused-vars
  106:21  warning  'node' is defined but never used    no-unused-vars
  106:27  warning  'inputs' is defined but never used  no-unused-vars
  106:35  warning  'time' is defined but never used    no-unused-vars
  177:35  warning  'time' is defined but never used    no-unused-vars

/home/runner/work/exp-wallace-tree-adder-iitkgp/exp-wallace-tree-adder-iitkgp/experiment/simulation/js/polyfill.js
  11:59  warning  'element' is defined but never used  no-unused-vars

✖ 664 problems (0 errors, 664 warnings)
  0 errors and 5 warnings potentially fixable with the `--fix` option.

